// Vitest Snapshot v1, https://vitest.dev/guide/snapshot.html

exports[`no-restricted-syntax: Loader2 ban > selector config matches snapshot (regression guard) 1`] = `
[
  1,
  {
    "message": "Loader2 is restricted to inline button spinners. Use <DashboardLoader /> for sections, <BootLuxeLoader /> for boot/Suspense gates. If this IS a button-internal spinner that the lint rule misclassified, add \`// eslint-disable-next-line no-restricted-syntax\` with a one-line reason.",
    "selector": "JSXElement[openingElement.name.name='Loader2']:not(JSXElement[openingElement.name.name=/Button$/] JSXElement[openingElement.name.name='Loader2']):not(JSXElement[openingElement.name.name='button'] JSXElement[openingElement.name.name='Loader2'])",
  },
]
`;
